
> gocart@0.1.0 build
> prisma generate && next build

Environment variables loaded from .env
Prisma schema loaded from prisma\schema.prisma
node.exe : Error: 
At line:1 char:1
+ & "C:\nvm4w\nodejs/node.exe" "C:\nvm4w\nodejs/node_modules/npm/bin/np ...
+ ~~~~~~~~~~~~~~~~~~~~~~~~~~~~~~~~~~~~~~~~~~~~~~~~~~~~~~~~~~~~~~~~~~~~~
    + CategoryInfo          : NotSpecified: (Error: :String) [    ], 
RemoteException
    + FullyQualifiedErrorId : NativeCommandError
 
EPERM: operation not permitted, unlink 'D:\EcommerceDemoShop-main\EcommerceDemo
Shop-main\node_modules\.prisma\client\query_engine-windows.dll.node'


